
Welcome to Gradle 9.4.0!

Here are the highlights of this release:
 - Java 26 support
 - Non-class-based JVM tests
 - Enhanced console progress bar

For more details see https://docs.gradle.org/9.4.0/release-notes.html

To honour the JVM settings for this build a single-use Daemon process will be forked. For more on this, please refer to https://docs.gradle.org/9.4.0/userguide/gradle_daemon.html#sec:disabling_the_daemon in the Gradle documentation.
Daemon will be stopped at the end of the build 

> Configure project :
Fabric Loom: 1.16.3

> Task :clean
> Task :compileJava
> Task :processResources
> Task :classes

> Task :compileClientJava FAILED
/home/runner/work/Vivecraft_114/Vivecraft_114/theater/src/client/java/dev/justfeli/vtm/client/render/TheaterRenderer.java:13: error: package org.vivecraft.api.client.data does not exist
import org.vivecraft.api.client.data.RenderPass;
                                    ^
/home/runner/work/Vivecraft_114/Vivecraft_114/theater/src/client/java/dev/justfeli/vtm/client/render/TheaterRenderer.java:368: error: cannot find symbol
    private static void restorePreviousRenderPass(WorldRenderPass previousWorldPass, RenderPass previousPass) {
                                                                                     ^
  symbol:   class RenderPass
  location: class TheaterRenderer
/home/runner/work/Vivecraft_114/Vivecraft_114/theater/src/client/java/dev/justfeli/vtm/client/render/TheaterRenderer.java:388: error: cannot find symbol
    private static RenderPass getCompatibleRenderPass(WorldRenderPass previousWorldPass, RenderPass previousPass) {
                                                                                         ^
  symbol:   class RenderPass
  location: class TheaterRenderer
/home/runner/work/Vivecraft_114/Vivecraft_114/theater/src/client/java/dev/justfeli/vtm/client/render/TheaterRenderer.java:388: error: cannot find symbol
    private static RenderPass getCompatibleRenderPass(WorldRenderPass previousWorldPass, RenderPass previousPass) {
                   ^
  symbol:   class RenderPass
  location: class TheaterRenderer
/home/runner/work/Vivecraft_114/Vivecraft_114/theater/src/client/java/dev/justfeli/vtm/mixin/client/VREffectsHelperMixin.java:3: error: package com.mojang.blaze3d.textures does not exist
import com.mojang.blaze3d.textures.GpuTexture;
                                  ^
/home/runner/work/Vivecraft_114/Vivecraft_114/theater/src/client/java/dev/justfeli/vtm/mixin/client/VREffectsHelperMixin.java:16: error: package org.vivecraft.client_vr.render.rendertypes does not exist
import org.vivecraft.client_vr.render.rendertypes.VRRenderTypes;
                                                 ^
/home/runner/work/Vivecraft_114/Vivecraft_114/theater/src/client/java/dev/justfeli/vtm/mixin/client/VREffectsHelperMixin.java:83: error: cannot find symbol
    private static RenderLayer vtm$opaqueTheaterPanel(GpuTexture texture, boolean depthAlways) {
                                                      ^
  symbol:   class GpuTexture
  location: class VREffectsHelperMixin
/home/runner/work/Vivecraft_114/Vivecraft_114/theater/src/client/java/dev/justfeli/vtm/mixin/client/GuiMainVRSettingsMixin.java:11: error: package org.vivecraft.client.gui.framework.widgets does not exist
import org.vivecraft.client.gui.framework.widgets.GuiVROption;
                                                 ^
/home/runner/work/Vivecraft_114/Vivecraft_114/theater/src/client/java/dev/justfeli/vtm/mixin/client/GuiMainVRSettingsMixin.java:24: error: cannot find symbol
        GuiVROption button,
        ^
  symbol:   class GuiVROption
  location: class GuiMainVRSettingsMixin
/home/runner/work/Vivecraft_114/Vivecraft_114/theater/src/client/java/dev/justfeli/vtm/mixin/client/GuiMainVRSettingsMixin.java:52: error: cannot find symbol
        GuiVROption button,
        ^
  symbol:   class GuiVROption
  location: class GuiMainVRSettingsMixin
/home/runner/work/Vivecraft_114/Vivecraft_114/theater/src/client/java/dev/justfeli/vtm/mixin/client/GuiMainVRSettingsMixin.java:64: error: cannot find symbol
        GuiVROption button,
        ^
  symbol:   class GuiVROption
  location: class GuiMainVRSettingsMixin
/home/runner/work/Vivecraft_114/Vivecraft_114/theater/src/client/java/dev/justfeli/vtm/mixin/client/PlayerRendererTheaterMixin.java:7: error: package net.minecraft.client.render.entity.state does not exist
import net.minecraft.client.render.entity.state.PlayerEntityRenderState;
                                               ^
/home/runner/work/Vivecraft_114/Vivecraft_114/theater/src/client/java/dev/justfeli/vtm/mixin/client/PlayerRendererTheaterMixin.java:12: error: cannot find symbol
import org.vivecraft.client.extensions.EntityRenderStateExtension;
                                      ^
  symbol:   class EntityRenderStateExtension
  location: package org.vivecraft.client.extensions
/home/runner/work/Vivecraft_114/Vivecraft_114/theater/src/client/java/dev/justfeli/vtm/mixin/client/PlayerRendererTheaterMixin.java:19: error: cannot find symbol
        PlayerEntityRenderState state,
        ^
  symbol:   class PlayerEntityRenderState
  location: class PlayerRendererTheaterMixin
/home/runner/work/Vivecraft_114/Vivecraft_114/theater/src/client/java/dev/justfeli/vtm/mixin/client/GuiVROptionsBaseAccessor.java:5: error: package org.vivecraft.client.gui.framework.screens does not exist
import org.vivecraft.client.gui.framework.screens.GuiVROptionsBase;
                                                 ^
/home/runner/work/Vivecraft_114/Vivecraft_114/theater/src/client/java/dev/justfeli/vtm/mixin/client/GuiVROptionsBaseAccessor.java:7: error: cannot find symbol
@Mixin(GuiVROptionsBase.class)
       ^
  symbol: class GuiVROptionsBase
/home/runner/work/Vivecraft_114/Vivecraft_114/theater/src/client/java/dev/justfeli/vtm/client/render/TheaterRenderer.java:97: error: lastYaw has private access in ClientPlayerEntity
        MC.player.lastYaw = theaterViewYaw;
                 ^
/home/runner/work/Vivecraft_114/Vivecraft_114/theater/src/client/java/dev/justfeli/vtm/client/render/TheaterRenderer.java:172: error: method resize in class Framebuffer cannot be applied to given types;
        theaterFramebuffer.resize(THEATER_WIDTH, THEATER_HEIGHT);
                          ^
  required: int,int,boolean
  found:    int,int
  reason: actual and formal argument lists differ in length
/home/runner/work/Vivecraft_114/Vivecraft_114/theater/src/client/java/dev/justfeli/vtm/client/render/TheaterRenderer.java:173: error: cannot find symbol
        RenderSystem.getDevice().createCommandEncoder().clearColorAndDepthTextures(
                    ^
  symbol:   method getDevice()
  location: class RenderSystem
/home/runner/work/Vivecraft_114/Vivecraft_114/theater/src/client/java/dev/justfeli/vtm/client/render/TheaterRenderer.java:199: error: method resize in class Framebuffer cannot be applied to given types;
            theaterFramebuffer.resize(THEATER_WIDTH, THEATER_HEIGHT);
                              ^
  required: int,int,boolean
  found:    int,int
  reason: actual and formal argument lists differ in length
/home/runner/work/Vivecraft_114/Vivecraft_114/theater/src/client/java/dev/justfeli/vtm/client/render/TheaterRenderer.java:200: error: cannot find symbol
            RenderSystem.getDevice().createCommandEncoder().clearColorAndDepthTextures(
                        ^
  symbol:   method getDevice()
  location: class RenderSystem
/home/runner/work/Vivecraft_114/Vivecraft_114/theater/src/client/java/dev/justfeli/vtm/client/render/TheaterRenderer.java:212: error: cannot find symbol
                renderTickCounter.getTickProgress(true)
                                 ^
  symbol:   method getTickProgress(boolean)
  location: variable renderTickCounter of type RenderTickCounter
/home/runner/work/Vivecraft_114/Vivecraft_114/theater/src/client/java/dev/justfeli/vtm/client/render/TheaterRenderer.java:215: error: cannot find symbol
                renderTickCounter.getTickProgress(false)
                                 ^
  symbol:   method getTickProgress(boolean)
  location: variable renderTickCounter of type RenderTickCounter
/home/runner/work/Vivecraft_114/Vivecraft_114/theater/src/client/java/dev/justfeli/vtm/client/render/TheaterRenderer.java:287: error: lastYaw has private access in ClientPlayerEntity
        previousPlayerLastYaw = MC.player.lastYaw;
                                         ^
/home/runner/work/Vivecraft_114/Vivecraft_114/theater/src/client/java/dev/justfeli/vtm/client/render/TheaterRenderer.java:288: error: lastPitch has private access in ClientPlayerEntity
        previousPlayerLastPitch = MC.player.lastPitch;
                                           ^
/home/runner/work/Vivecraft_114/Vivecraft_114/theater/src/client/java/dev/justfeli/vtm/client/render/TheaterRenderer.java:302: error: lastPitch has private access in ClientPlayerEntity
        float renderLastPitch = MC.player.lastPitch;
                                         ^
/home/runner/work/Vivecraft_114/Vivecraft_114/theater/src/client/java/dev/justfeli/vtm/client/render/TheaterRenderer.java:308: error: lastYaw has private access in ClientPlayerEntity
        MC.player.lastYaw = renderLastYaw;
                 ^
/home/runner/work/Vivecraft_114/Vivecraft_114/theater/src/client/java/dev/justfeli/vtm/client/render/TheaterRenderer.java:309: error: lastPitch has private access in ClientPlayerEntity
        MC.player.lastPitch = renderLastPitch;
                 ^
/home/runner/work/Vivecraft_114/Vivecraft_114/theater/src/client/java/dev/justfeli/vtm/client/render/TheaterRenderer.java:329: error: lastYaw has private access in ClientPlayerEntity
        MC.player.lastYaw = previousPlayerLastYaw;
                 ^
/home/runner/work/Vivecraft_114/Vivecraft_114/theater/src/client/java/dev/justfeli/vtm/client/render/TheaterRenderer.java:330: error: lastPitch has private access in ClientPlayerEntity
        MC.player.lastPitch = previousPlayerLastPitch;
                 ^
/home/runner/work/Vivecraft_114/Vivecraft_114/theater/src/client/java/dev/justfeli/vtm/client/render/TheaterRenderer.java:343: error: incompatible types: String cannot be converted to int
            theaterFramebuffer = new SimpleFramebuffer("Theater", THEATER_WIDTH, THEATER_HEIGHT, true);
                                                       ^
/home/runner/work/Vivecraft_114/Vivecraft_114/theater/src/client/java/dev/justfeli/vtm/client/render/TheaterRenderer.java:375: error: cannot find symbol
        if (previousPass == RenderPass.GUI) {
                            ^
  symbol:   variable RenderPass
  location: class TheaterRenderer
/home/runner/work/Vivecraft_114/Vivecraft_114/theater/src/client/java/dev/justfeli/vtm/client/render/TheaterRenderer.java:380: error: cannot find symbol
        if (previousPass == RenderPass.MIRROR) {
                            ^
  symbol:   variable RenderPass
  location: class TheaterRenderer
/home/runner/work/Vivecraft_114/Vivecraft_114/theater/src/client/java/dev/justfeli/vtm/client/render/TheaterRenderer.java:394: error: cannot find symbol
            return RenderPass.LEFT;
                   ^
  symbol:   variable RenderPass
  location: class TheaterRenderer
/home/runner/work/Vivecraft_114/Vivecraft_114/theater/src/client/java/dev/justfeli/vtm/client/render/TheaterRenderer.java:397: error: cannot find symbol
            return RenderPass.CENTER;
                   ^
  symbol:   variable RenderPass
  location: class TheaterRenderer
/home/runner/work/Vivecraft_114/Vivecraft_114/theater/src/client/java/dev/justfeli/vtm/client/render/TheaterRenderer.java:400: error: cannot find symbol
            return RenderPass.THIRD;
                   ^
  symbol:   variable RenderPass
  location: class TheaterRenderer
/home/runner/work/Vivecraft_114/Vivecraft_114/theater/src/client/java/dev/justfeli/vtm/client/render/TheaterRenderer.java:403: error: cannot find symbol
            return RenderPass.SCOPEL;
                   ^
  symbol:   variable RenderPass
  location: class TheaterRenderer
/home/runner/work/Vivecraft_114/Vivecraft_114/theater/src/client/java/dev/justfeli/vtm/client/render/TheaterRenderer.java:406: error: cannot find symbol
            return RenderPass.SCOPER;
                   ^
  symbol:   variable RenderPass
  location: class TheaterRenderer
/home/runner/work/Vivecraft_114/Vivecraft_114/theater/src/client/java/dev/justfeli/vtm/client/render/TheaterRenderer.java:409: error: cannot find symbol
            return RenderPass.CAMERA;
                   ^
  symbol:   variable RenderPass
  location: class TheaterRenderer
/home/runner/work/Vivecraft_114/Vivecraft_114/theater/src/client/java/dev/justfeli/vtm/client/render/TheaterRenderer.java:412: error: cannot find symbol
        return RenderPass.VANILLA;
               ^
  symbol:   variable RenderPass
  location: class TheaterRenderer
/home/runner/work/Vivecraft_114/Vivecraft_114/theater/src/client/java/dev/justfeli/vtm/client/environment/TheaterEnvironmentManager.java:349: error: cannot find symbol
            RenderSystem.getDevice().createCommandEncoder().clearColorAndDepthTextures(
                        ^
  symbol:   method getDevice()
  location: class RenderSystem
/home/runner/work/Vivecraft_114/Vivecraft_114/theater/src/client/java/dev/justfeli/vtm/client/environment/TheaterEnvironmentManager.java:375: error: cannot find symbol
                    VREffectsHelper.renderMenuEnvironment();
                                   ^
  symbol:   method renderMenuEnvironment()
  location: class VREffectsHelper
/home/runner/work/Vivecraft_114/Vivecraft_114/theater/src/client/java/dev/justfeli/vtm/mixin/client/VREffectsHelperMixin.java:51: error: cannot find symbol
            VREffectsHelper.renderMenuEnvironment();
                           ^
  symbol:   method renderMenuEnvironment()
  location: class VREffectsHelper
/home/runner/work/Vivecraft_114/Vivecraft_114/theater/src/client/java/dev/justfeli/vtm/mixin/client/VREffectsHelperMixin.java:63: error: cannot find symbol
                ShaderHelper.blit(guiFramebuffer, TheaterRenderer.getTheaterFramebuffer(), true);
                            ^
  symbol:   method blit(Framebuffer,Framebuffer,boolean)
  location: class ShaderHelper
/home/runner/work/Vivecraft_114/Vivecraft_114/theater/src/client/java/dev/justfeli/vtm/mixin/client/VREffectsHelperMixin.java:85: error: cannot find symbol
            return VRRenderTypes.entitySolidNoCardinalLight(texture);
                   ^
  symbol:   variable VRRenderTypes
  location: class VREffectsHelperMixin
/home/runner/work/Vivecraft_114/Vivecraft_114/theater/src/client/java/dev/justfeli/vtm/mixin/client/VREffectsHelperMixin.java:87: error: cannot find symbol
        return VRRenderTypes.entityTranslucentNoCardinalLight(texture, depthAlways);
               ^
  symbol:   variable VRRenderTypes
  location: class VREffectsHelperMixin
/home/runner/work/Vivecraft_114/Vivecraft_114/theater/src/client/java/dev/justfeli/vtm/mixin/client/PlayerRendererTheaterMixin.java:24: error: cannot find symbol
            ((EntityRenderStateExtension) state).vivecraft$setRotInfo(null);
              ^
  symbol:   class EntityRenderStateExtension
  location: class PlayerRendererTheaterMixin
/home/runner/work/Vivecraft_114/Vivecraft_114/theater/src/client/java/dev/justfeli/vtm/mixin/client/MinecraftClientRenderMixin.java:24: error: cannot find symbol
            RenderSystem.getDevice().createCommandEncoder().clearColorAndDepthTextures(
                        ^
  symbol:   method getDevice()
  location: class RenderSystem
Note: Some messages have been simplified; recompile with -Xdiags:verbose to get full output
48 errors
gradle/actions: Writing build results to /home/runner/work/_temp/.gradle-actions/build-results/compile-1789679842255.json

[Incubating] Problems report is available at: file:///home/runner/work/Vivecraft_114/Vivecraft_114/theater/build/reports/problems/problems-report.html

FAILURE: Build failed with an exception.

* What went wrong:
Execution failed for task ':compileClientJava'.
> Compilation failed; see the compiler output below.
  /home/runner/work/Vivecraft_114/Vivecraft_114/theater/src/client/java/dev/justfeli/vtm/client/render/TheaterRenderer.java:172: error: method resize in class Framebuffer cannot be applied to given types;
          theaterFramebuffer.resize(THEATER_WIDTH, THEATER_HEIGHT);
                            ^
    required: int,int,boolean
    found:    int,int
    reason: actual and formal argument lists differ in length
  /home/runner/work/Vivecraft_114/Vivecraft_114/theater/src/client/java/dev/justfeli/vtm/client/render/TheaterRenderer.java:199: error: method resize in class Framebuffer cannot be applied to given types;
              theaterFramebuffer.resize(THEATER_WIDTH, THEATER_HEIGHT);
                                ^
    required: int,int,boolean
    found:    int,int
    reason: actual and formal argument lists differ in length
  /home/runner/work/Vivecraft_114/Vivecraft_114/theater/src/client/java/dev/justfeli/vtm/client/render/TheaterRenderer.java:343: error: incompatible types: String cannot be converted to int
              theaterFramebuffer = new SimpleFramebuffer("Theater", THEATER_WIDTH, THEATER_HEIGHT, true);
                                                         ^
  /home/runner/work/Vivecraft_114/Vivecraft_114/theater/src/client/java/dev/justfeli/vtm/client/render/TheaterRenderer.java:368: error: cannot find symbol
      private static void restorePreviousRenderPass(WorldRenderPass previousWorldPass, RenderPass previousPass) {
                                                                                       ^
    symbol:   class RenderPass
    location: class TheaterRenderer
  /home/runner/work/Vivecraft_114/Vivecraft_114/theater/src/client/java/dev/justfeli/vtm/client/render/TheaterRenderer.java:388: error: cannot find symbol
      private static RenderPass getCompatibleRenderPass(WorldRenderPass previousWorldPass, RenderPass previousPass) {
                                                                                           ^
    symbol:   class RenderPass
    location: class TheaterRenderer
  /home/runner/work/Vivecraft_114/Vivecraft_114/theater/src/client/java/dev/justfeli/vtm/client/render/TheaterRenderer.java:388: error: cannot find symbol
      private static RenderPass getCompatibleRenderPass(WorldRenderPass previousWorldPass, RenderPass previousPass) {
                     ^
    symbol:   class RenderPass
    location: class TheaterRenderer
  /home/runner/work/Vivecraft_114/Vivecraft_114/theater/src/client/java/dev/justfeli/vtm/mixin/client/VREffectsHelperMixin.java:83: error: cannot find symbol
      private static RenderLayer vtm$opaqueTheaterPanel(GpuTexture texture, boolean depthAlways) {
                                                        ^
    symbol:   class GpuTexture
    location: class VREffectsHelperMixin
  /home/runner/work/Vivecraft_114/Vivecraft_114/theater/src/client/java/dev/justfeli/vtm/mixin/client/GuiMainVRSettingsMixin.java:24: error: cannot find symbol
          GuiVROption button,
          ^
    symbol:   class GuiVROption
    location: class GuiMainVRSettingsMixin
  /home/runner/work/Vivecraft_114/Vivecraft_114/theater/src/client/java/dev/justfeli/vtm/mixin/client/GuiMainVRSettingsMixin.java:52: error: cannot find symbol
          GuiVROption button,
          ^
    symbol:   class GuiVROption
    location: class GuiMainVRSettingsMixin
  /home/runner/work/Vivecraft_114/Vivecraft_114/theater/src/client/java/dev/justfeli/vtm/mixin/client/GuiMainVRSettingsMixin.java:64: error: cannot find symbol
          GuiVROption button,
          ^
    symbol:   class GuiVROption
    location: class GuiMainVRSettingsMixin
  /home/runner/work/Vivecraft_114/Vivecraft_114/theater/src/client/java/dev/justfeli/vtm/mixin/client/PlayerRendererTheaterMixin.java:12: error: cannot find symbol
  import org.vivecraft.client.extensions.EntityRenderStateExtension;
                                        ^
    symbol:   class EntityRenderStateExtension
    location: package org.vivecraft.client.extensions
  /home/runner/work/Vivecraft_114/Vivecraft_114/theater/src/client/java/dev/justfeli/vtm/mixin/client/PlayerRendererTheaterMixin.java:19: error: cannot find symbol
          PlayerEntityRenderState state,
          ^
    symbol:   class PlayerEntityRenderState
    location: class PlayerRendererTheaterMixin
  /home/runner/work/Vivecraft_114/Vivecraft_114/theater/src/client/java/dev/justfeli/vtm/client/render/TheaterRenderer.java:375: error: cannot find symbol
          if (previousPass == RenderPass.GUI) {
                              ^
    symbol:   variable RenderPass
    location: class TheaterRenderer
  /home/runner/work/Vivecraft_114/Vivecraft_114/theater/src/client/java/dev/justfeli/vtm/client/render/TheaterRenderer.java:380: error: cannot find symbol
          if (previousPass == RenderPass.MIRROR) {
                              ^
    symbol:   variable RenderPass
    location: class TheaterRenderer
  /home/runner/work/Vivecraft_114/Vivecraft_114/theater/src/client/java/dev/justfeli/vtm/client/render/TheaterRenderer.java:394: error: cannot find symbol
              return RenderPass.LEFT;
                     ^
    symbol:   variable RenderPass
    location: class TheaterRenderer
  /home/runner/work/Vivecraft_114/Vivecraft_114/theater/src/client/java/dev/justfeli/vtm/client/render/TheaterRenderer.java:397: error: cannot find symbol
              return RenderPass.CENTER;
                     ^
    symbol:   variable RenderPass
    location: class TheaterRenderer
  /home/runner/work/Vivecraft_114/Vivecraft_114/theater/src/client/java/dev/justfeli/vtm/client/render/TheaterRenderer.java:400: error: cannot find symbol
              return RenderPass.THIRD;
                     ^
    symbol:   variable RenderPass
    location: class TheaterRenderer
  /home/runner/work/Vivecraft_114/Vivecraft_114/theater/src/client/java/dev/justfeli/vtm/client/render/TheaterRenderer.java:403: error: cannot find symbol
              return RenderPass.SCOPEL;
                     ^
    symbol:   variable RenderPass
    location: class TheaterRenderer
  /home/runner/work/Vivecraft_114/Vivecraft_114/theater/src/client/java/dev/justfeli/vtm/client/render/TheaterRenderer.java:406: error: cannot find symbol
              return RenderPass.SCOPER;
                     ^
    symbol:   variable RenderPass
    location: class TheaterRenderer
  /home/runner/work/Vivecraft_114/Vivecraft_114/theater/src/client/java/dev/justfeli/vtm/client/render/TheaterRenderer.java:409: error: cannot find symbol
              return RenderPass.CAMERA;
                     ^
    symbol:   variable RenderPass
    location: class TheaterRenderer
  /home/runner/work/Vivecraft_114/Vivecraft_114/theater/src/client/java/dev/justfeli/vtm/client/render/TheaterRenderer.java:412: error: cannot find symbol
          return RenderPass.VANILLA;
                 ^
    symbol:   variable RenderPass
    location: class TheaterRenderer
  /home/runner/work/Vivecraft_114/Vivecraft_114/theater/src/client/java/dev/justfeli/vtm/mixin/client/VREffectsHelperMixin.java:85: error: cannot find symbol
              return VRRenderTypes.entitySolidNoCardinalLight(texture);
                     ^
    symbol:   variable VRRenderTypes
    location: class VREffectsHelperMixin
  /home/runner/work/Vivecraft_114/Vivecraft_114/theater/src/client/java/dev/justfeli/vtm/mixin/client/VREffectsHelperMixin.java:87: error: cannot find symbol
          return VRRenderTypes.entityTranslucentNoCardinalLight(texture, depthAlways);
                 ^
    symbol:   variable VRRenderTypes
    location: class VREffectsHelperMixin
  /home/runner/work/Vivecraft_114/Vivecraft_114/theater/src/client/java/dev/justfeli/vtm/mixin/client/PlayerRendererTheaterMixin.java:24: error: cannot find symbol
              ((EntityRenderStateExtension) state).vivecraft$setRotInfo(null);
                ^
    symbol:   class EntityRenderStateExtension
    location: class PlayerRendererTheaterMixin
  /home/runner/work/Vivecraft_114/Vivecraft_114/theater/src/client/java/dev/justfeli/vtm/client/render/TheaterRenderer.java:97: error: lastYaw has private access in ClientPlayerEntity
          MC.player.lastYaw = theaterViewYaw;
                   ^
  /home/runner/work/Vivecraft_114/Vivecraft_114/theater/src/client/java/dev/justfeli/vtm/client/render/TheaterRenderer.java:287: error: lastYaw has private access in ClientPlayerEntity
          previousPlayerLastYaw = MC.player.lastYaw;
                                           ^
  /home/runner/work/Vivecraft_114/Vivecraft_114/theater/src/client/java/dev/justfeli/vtm/client/render/TheaterRenderer.java:288: error: lastPitch has private access in ClientPlayerEntity
          previousPlayerLastPitch = MC.player.lastPitch;
                                             ^
  /home/runner/work/Vivecraft_114/Vivecraft_114/theater/src/client/java/dev/justfeli/vtm/client/render/TheaterRenderer.java:302: error: lastPitch has private access in ClientPlayerEntity
          float renderLastPitch = MC.player.lastPitch;
                                           ^
  /home/runner/work/Vivecraft_114/Vivecraft_114/theater/src/client/java/dev/justfeli/vtm/client/render/TheaterRenderer.java:308: error: lastYaw has private access in ClientPlayerEntity
          MC.player.lastYaw = renderLastYaw;
                   ^
  /home/runner/work/Vivecraft_114/Vivecraft_114/theater/src/client/java/dev/justfeli/vtm/client/render/TheaterRenderer.java:309: error: lastPitch has private access in ClientPlayerEntity
          MC.player.lastPitch = renderLastPitch;
                   ^
  /home/runner/work/Vivecraft_114/Vivecraft_114/theater/src/client/java/dev/justfeli/vtm/client/render/TheaterRenderer.java:329: error: lastYaw has private access in ClientPlayerEntity
          MC.player.lastYaw = previousPlayerLastYaw;
                   ^
  /home/runner/work/Vivecraft_114/Vivecraft_114/theater/src/client/java/dev/justfeli/vtm/client/render/TheaterRenderer.java:330: error: lastPitch has private access in ClientPlayerEntity
          MC.player.lastPitch = previousPlayerLastPitch;
                   ^
  Note: Some messages have been simplified; recompile with -Xdiags:verbose to get full output
  /home/runner/work/Vivecraft_114/Vivecraft_114/theater/src/client/java/dev/justfeli/vtm/mixin/client/GuiVROptionsBaseAccessor.java:7: error: cannot find symbol
  @Mixin(GuiVROptionsBase.class)
         ^
    symbol: class GuiVROptionsBase
  /home/runner/work/Vivecraft_114/Vivecraft_114/theater/src/client/java/dev/justfeli/vtm/client/render/TheaterRenderer.java:173: error: cannot find symbol
          RenderSystem.getDevice().createCommandEncoder().clearColorAndDepthTextures(
                      ^
    symbol:   method getDevice()
    location: class RenderSystem
  /home/runner/work/Vivecraft_114/Vivecraft_114/theater/src/client/java/dev/justfeli/vtm/client/render/TheaterRenderer.java:200: error: cannot find symbol
              RenderSystem.getDevice().createCommandEncoder().clearColorAndDepthTextures(
                          ^
    symbol:   method getDevice()
    location: class RenderSystem
  /home/runner/work/Vivecraft_114/Vivecraft_114/theater/src/client/java/dev/justfeli/vtm/client/render/TheaterRenderer.java:212: error: cannot find symbol
                  renderTickCounter.getTickProgress(true)
                                   ^
    symbol:   method getTickProgress(boolean)
    location: variable renderTickCounter of type RenderTickCounter
  /home/runner/work/Vivecraft_114/Vivecraft_114/theater/src/client/java/dev/justfeli/vtm/client/render/TheaterRenderer.java:215: error: cannot find symbol
                  renderTickCounter.getTickProgress(false)
                                   ^
    symbol:   method getTickProgress(boolean)
    location: variable renderTickCounter of type RenderTickCounter
  /home/runner/work/Vivecraft_114/Vivecraft_114/theater/src/client/java/dev/justfeli/vtm/client/environment/TheaterEnvironmentManager.java:349: error: cannot find symbol
              RenderSystem.getDevice().createCommandEncoder().clearColorAndDepthTextures(
                          ^
    symbol:   method getDevice()
    location: class RenderSystem
  /home/runner/work/Vivecraft_114/Vivecraft_114/theater/src/client/java/dev/justfeli/vtm/client/environment/TheaterEnvironmentManager.java:375: error: cannot find symbol
                      VREffectsHelper.renderMenuEnvironment();
                                     ^
    symbol:   method renderMenuEnvironment()
    location: class VREffectsHelper
  /home/runner/work/Vivecraft_114/Vivecraft_114/theater/src/client/java/dev/justfeli/vtm/mixin/client/VREffectsHelperMixin.java:51: error: cannot find symbol
              VREffectsHelper.renderMenuEnvironment();
                             ^
    symbol:   method renderMenuEnvironment()
    location: class VREffectsHelper
  /home/runner/work/Vivecraft_114/Vivecraft_114/theater/src/client/java/dev/justfeli/vtm/mixin/client/VREffectsHelperMixin.java:63: error: cannot find symbol
                  ShaderHelper.blit(guiFramebuffer, TheaterRenderer.getTheaterFramebuffer(), true);
                              ^
    symbol:   method blit(Framebuffer,Framebuffer,boolean)
    location: class ShaderHelper
  /home/runner/work/Vivecraft_114/Vivecraft_114/theater/src/client/java/dev/justfeli/vtm/mixin/client/MinecraftClientRenderMixin.java:24: error: cannot find symbol
              RenderSystem.getDevice().createCommandEncoder().clearColorAndDepthTextures(
                          ^
    symbol:   method getDevice()
    location: class RenderSystem
  /home/runner/work/Vivecraft_114/Vivecraft_114/theater/src/client/java/dev/justfeli/vtm/client/render/TheaterRenderer.java:13: error: package org.vivecraft.api.client.data does not exist
  import org.vivecraft.api.client.data.RenderPass;
                                      ^
  /home/runner/work/Vivecraft_114/Vivecraft_114/theater/src/client/java/dev/justfeli/vtm/mixin/client/VREffectsHelperMixin.java:3: error: package com.mojang.blaze3d.textures does not exist
  import com.mojang.blaze3d.textures.GpuTexture;
                                    ^
  /home/runner/work/Vivecraft_114/Vivecraft_114/theater/src/client/java/dev/justfeli/vtm/mixin/client/VREffectsHelperMixin.java:16: error: package org.vivecraft.client_vr.render.rendertypes does not exist
  import org.vivecraft.client_vr.render.rendertypes.VRRenderTypes;
                                                   ^
  /home/runner/work/Vivecraft_114/Vivecraft_114/theater/src/client/java/dev/justfeli/vtm/mixin/client/GuiMainVRSettingsMixin.java:11: error: package org.vivecraft.client.gui.framework.widgets does not exist
  import org.vivecraft.client.gui.framework.widgets.GuiVROption;
                                                   ^
  /home/runner/work/Vivecraft_114/Vivecraft_114/theater/src/client/java/dev/justfeli/vtm/mixin/client/PlayerRendererTheaterMixin.java:7: error: package net.minecraft.client.render.entity.state does not exist
  import net.minecraft.client.render.entity.state.PlayerEntityRenderState;
                                                 ^
  /home/runner/work/Vivecraft_114/Vivecraft_114/theater/src/client/java/dev/justfeli/vtm/mixin/client/GuiVROptionsBaseAccessor.java:5: error: package org.vivecraft.client.gui.framework.screens does not exist
  import org.vivecraft.client.gui.framework.screens.GuiVROptionsBase;
                                                   ^
  48 errors

* Try:
> Check your code and dependencies to fix the compilation error(s)
> Run with --scan to get full insights from a Build Scan (powered by Develocity).

* Exception is:
org.gradle.api.tasks.TaskExecutionException: Execution failed for task ':compileClientJava'.
	at org.gradle.api.internal.tasks.execution.ExecuteActionsTaskExecuter.lambda$executeIfValid$1(ExecuteActionsTaskExecuter.java:135)
	at org.gradle.internal.Try$Failure.ifSuccessfulOrElse(Try.java:288)
	at org.gradle.api.internal.tasks.execution.ExecuteActionsTaskExecuter.executeIfValid(ExecuteActionsTaskExecuter.java:133)
	at org.gradle.api.internal.tasks.execution.ExecuteActionsTaskExecuter.execute(ExecuteActionsTaskExecuter.java:121)
	at org.gradle.api.internal.tasks.execution.ProblemsTaskPathTrackingTaskExecuter.execute(ProblemsTaskPathTrackingTaskExecuter.java:41)
	at org.gradle.api.internal.tasks.execution.ResolveTaskExecutionModeExecuter.execute(ResolveTaskExecutionModeExecuter.java:51)
	at org.gradle.api.internal.tasks.execution.FinalizePropertiesTaskExecuter.execute(FinalizePropertiesTaskExecuter.java:46)
	at org.gradle.api.internal.tasks.execution.SkipTaskWithNoActionsExecuter.execute(SkipTaskWithNoActionsExecuter.java:57)
	at org.gradle.api.internal.tasks.execution.SkipOnlyIfTaskExecuter.execute(SkipOnlyIfTaskExecuter.java:74)
	at org.gradle.api.internal.tasks.execution.CatchExceptionTaskExecuter.execute(CatchExceptionTaskExecuter.java:36)
	at org.gradle.api.internal.tasks.execution.EventFiringTaskExecuter$1.executeTask(EventFiringTaskExecuter.java:77)
	at org.gradle.api.internal.tasks.execution.EventFiringTaskExecuter$1.call(EventFiringTaskExecuter.java:55)
	at org.gradle.api.internal.tasks.execution.EventFiringTaskExecuter$1.call(EventFiringTaskExecuter.java:52)
	at org.gradle.internal.operations.DefaultBuildOperationRunner$CallableBuildOperationWorker.execute(DefaultBuildOperationRunner.java:210)
	at org.gradle.internal.operations.DefaultBuildOperationRunner$CallableBuildOperationWorker.execute(DefaultBuildOperationRunner.java:205)
	at org.gradle.internal.operations.DefaultBuildOperationRunner$2.execute(DefaultBuildOperationRunner.java:67)
	at org.gradle.internal.operations.DefaultBuildOperationRunner$2.execute(DefaultBuildOperationRunner.java:60)
	at org.gradle.internal.operations.DefaultBuildOperationRunner.execute(DefaultBuildOperationRunner.java:167)
	at org.gradle.internal.operations.DefaultBuildOperationRunner.execute(DefaultBuildOperationRunner.java:60)
	at org.gradle.internal.operations.DefaultBuildOperationRunner.call(DefaultBuildOperationRunner.java:54)
	at org.gradle.api.internal.tasks.execution.EventFiringTaskExecuter.execute(EventFiringTaskExecuter.java:52)
	at org.gradle.execution.plan.DefaultNodeExecutor.executeLocalTaskNode(DefaultNodeExecutor.java:55)
	at org.gradle.execution.plan.DefaultNodeExecutor.execute(DefaultNodeExecutor.java:34)
	at org.gradle.execution.taskgraph.DefaultTaskExecutionGraph$InvokeNodeExecutorsAction.execute(DefaultTaskExecutionGraph.java:355)
	at org.gradle.execution.taskgraph.DefaultTaskExecutionGraph$InvokeNodeExecutorsAction.execute(DefaultTaskExecutionGraph.java:343)
	at org.gradle.execution.taskgraph.DefaultTaskExecutionGraph$BuildOperationAwareExecutionAction.lambda$execute$0(DefaultTaskExecutionGraph.java:339)
	at org.gradle.internal.operations.CurrentBuildOperationRef.with(CurrentBuildOperationRef.java:84)
	at org.gradle.execution.taskgraph.DefaultTaskExecutionGraph$BuildOperationAwareExecutionAction.execute(DefaultTaskExecutionGraph.java:339)
	at org.gradle.execution.taskgraph.DefaultTaskExecutionGraph$BuildOperationAwareExecutionAction.execute(DefaultTaskExecutionGraph.java:328)
	at org.gradle.execution.plan.DefaultPlanExecutor$ExecutorWorker.execute(DefaultPlanExecutor.java:459)
	at org.gradle.execution.plan.DefaultPlanExecutor$ExecutorWorker.run(DefaultPlanExecutor.java:376)
	at org.gradle.internal.concurrent.ExecutorPolicy$CatchAndRecordFailures.onExecute(ExecutorPolicy.java:64)
	at org.gradle.internal.concurrent.AbstractManagedExecutor$1.run(AbstractManagedExecutor.java:47)
Caused by: org.gradle.api.internal.tasks.compile.CompilationFailedException: Compilation failed; see the compiler output below.
/home/runner/work/Vivecraft_114/Vivecraft_114/theater/src/client/java/dev/justfeli/vtm/client/render/TheaterRenderer.java:13: error: package org.vivecraft.api.client.data does not exist
import org.vivecraft.api.client.data.RenderPass;
                                    ^
/home/runner/work/Vivecraft_114/Vivecraft_114/theater/src/client/java/dev/justfeli/vtm/client/render/TheaterRenderer.java:368: error: cannot find symbol
    private static void restorePreviousRenderPass(WorldRenderPass previousWorldPass, RenderPass previousPass) {
                                                                                     ^
  symbol:   class RenderPass
  location: class TheaterRenderer
/home/runner/work/Vivecraft_114/Vivecraft_114/theater/src/client/java/dev/justfeli/vtm/client/render/TheaterRenderer.java:388: error: cannot find symbol
    private static RenderPass getCompatibleRenderPass(WorldRenderPass previousWorldPass, RenderPass previousPass) {
                                                                                         ^
  symbol:   class RenderPass
  location: class TheaterRenderer
/home/runner/work/Vivecraft_114/Vivecraft_114/theater/src/client/java/dev/justfeli/vtm/client/render/TheaterRenderer.java:388: error: cannot find symbol
    private static RenderPass getCompatibleRenderPass(WorldRenderPass previousWorldPass, RenderPass previousPass) {
                   ^
  symbol:   class RenderPass
  location: class TheaterRenderer
/home/runner/work/Vivecraft_114/Vivecraft_114/theater/src/client/java/dev/justfeli/vtm/mixin/client/VREffectsHelperMixin.java:3: error: package com.mojang.blaze3d.textures does not exist
import com.mojang.blaze3d.textures.GpuTexture;
                                  ^
/home/runner/work/Vivecraft_114/Vivecraft_114/theater/src/client/java/dev/justfeli/vtm/mixin/client/VREffectsHelperMixin.java:16: error: package org.vivecraft.client_vr.render.rendertypes does not exist
import org.vivecraft.client_vr.render.rendertypes.VRRenderTypes;
                                                 ^
/home/runner/work/Vivecraft_114/Vivecraft_114/theater/src/client/java/dev/justfeli/vtm/mixin/client/VREffectsHelperMixin.java:83: error: cannot find symbol
    private static RenderLayer vtm$opaqueTheaterPanel(GpuTexture texture, boolean depthAlways) {
                                                      ^
  symbol:   class GpuTexture
  location: class VREffectsHelperMixin
/home/runner/work/Vivecraft_114/Vivecraft_114/theater/src/client/java/dev/justfeli/vtm/mixin/client/GuiMainVRSettingsMixin.java:11: error: package org.vivecraft.client.gui.framework.widgets does not exist
import org.vivecraft.client.gui.framework.widgets.GuiVROption;
                                                 ^
/home/runner/work/Vivecraft_114/Vivecraft_114/theater/src/client/java/dev/justfeli/vtm/mixin/client/GuiMainVRSettingsMixin.java:24: error: cannot find symbol
        GuiVROption button,
        ^
  symbol:   class GuiVROption
  location: class GuiMainVRSettingsMixin
/home/runner/work/Vivecraft_114/Vivecraft_114/theater/src/client/java/dev/justfeli/vtm/mixin/client/GuiMainVRSettingsMixin.java:52: error: cannot find symbol
        GuiVROption button,
        ^
  symbol:   class GuiVROption
  location: class GuiMainVRSettingsMixin
/home/runner/work/Vivecraft_114/Vivecraft_114/theater/src/client/java/dev/justfeli/vtm/mixin/client/GuiMainVRSettingsMixin.java:64: error: cannot find symbol
        GuiVROption button,
        ^
  symbol:   class GuiVROption
  location: class GuiMainVRSettingsMixin
/home/runner/work/Vivecraft_114/Vivecraft_114/theater/src/client/java/dev/justfeli/vtm/mixin/client/PlayerRendererTheaterMixin.java:7: error: package net.minecraft.client.render.entity.state does not exist
import net.minecraft.client.render.entity.state.PlayerEntityRenderState;
                                               ^
/home/runner/work/Vivecraft_114/Vivecraft_114/theater/src/client/java/dev/justfeli/vtm/mixin/client/PlayerRendererTheaterMixin.java:12: error: cannot find symbol
import org.vivecraft.client.extensions.EntityRenderStateExtension;
                                      ^
  symbol:   class EntityRenderStateExtension
  location: package org.vivecraft.client.extensions
/home/runner/work/Vivecraft_114/Vivecraft_114/theater/src/client/java/dev/justfeli/vtm/mixin/client/PlayerRendererTheaterMixin.java:19: error: cannot find symbol
        PlayerEntityRenderState state,
        ^
  symbol:   class PlayerEntityRenderState
  location: class PlayerRendererTheaterMixin
/home/runner/work/Vivecraft_114/Vivecraft_114/theater/src/client/java/dev/justfeli/vtm/mixin/client/GuiVROptionsBaseAccessor.java:5: error: package org.vivecraft.client.gui.framework.screens does not exist
import org.vivecraft.client.gui.framework.screens.GuiVROptionsBase;
                                                 ^
/home/runner/work/Vivecraft_114/Vivecraft_114/theater/src/client/java/dev/justfeli/vtm/mixin/client/GuiVROptionsBaseAccessor.java:7: error: cannot find symbol
@Mixin(GuiVROptionsBase.class)
       ^
  symbol: class GuiVROptionsBase
/home/runner/work/Vivecraft_114/Vivecraft_114/theater/src/client/java/dev/justfeli/vtm/client/render/TheaterRenderer.java:97: error: lastYaw has private access in ClientPlayerEntity
        MC.player.lastYaw = theaterViewYaw;
                 ^
/home/runner/work/Vivecraft_114/Vivecraft_114/theater/src/client/java/dev/justfeli/vtm/client/render/TheaterRenderer.java:172: error: method resize in class Framebuffer cannot be applied to given types;
        theaterFramebuffer.resize(THEATER_WIDTH, THEATER_HEIGHT);
                          ^
  required: int,int,boolean
  found:    int,int
  reason: actual and formal argument lists differ in length
/home/runner/work/Vivecraft_114/Vivecraft_114/theater/src/client/java/dev/justfeli/vtm/client/render/TheaterRenderer.java:173: error: cannot find symbol
        RenderSystem.getDevice().createCommandEncoder().clearColorAndDepthTextures(
                    ^
  symbol:   method getDevice()
  location: class RenderSystem
/home/runner/work/Vivecraft_114/Vivecraft_114/theater/src/client/java/dev/justfeli/vtm/client/render/TheaterRenderer.java:199: error: method resize in class Framebuffer cannot be applied to given types;
            theaterFramebuffer.resize(THEATER_WIDTH, THEATER_HEIGHT);
                              ^
  required: int,int,boolean
  found:    int,int
  reason: actual and formal argument lists differ in length
/home/runner/work/Vivecraft_114/Vivecraft_114/theater/src/client/java/dev/justfeli/vtm/client/render/TheaterRenderer.java:200: error: cannot find symbol
            RenderSystem.getDevice().createCommandEncoder().clearColorAndDepthTextures(
                        ^
  symbol:   method getDevice()
  location: class RenderSystem
/home/runner/work/Vivecraft_114/Vivecraft_114/theater/src/client/java/dev/justfeli/vtm/client/render/TheaterRenderer.java:212: error: cannot find symbol
                renderTickCounter.getTickProgress(true)
                                 ^
  symbol:   method getTickProgress(boolean)
  location: variable renderTickCounter of type RenderTickCounter
/home/runner/work/Vivecraft_114/Vivecraft_114/theater/src/client/java/dev/justfeli/vtm/client/render/TheaterRenderer.java:215: error: cannot find symbol
                renderTickCounter.getTickProgress(false)
                                 ^
  symbol:   method getTickProgress(boolean)
  location: variable renderTickCounter of type RenderTickCounter
/home/runner/work/Vivecraft_114/Vivecraft_114/theater/src/client/java/dev/justfeli/vtm/client/render/TheaterRenderer.java:287: error: lastYaw has private access in ClientPlayerEntity
        previousPlayerLastYaw = MC.player.lastYaw;
                                         ^
/home/runner/work/Vivecraft_114/Vivecraft_114/theater/src/client/java/dev/justfeli/vtm/client/render/TheaterRenderer.java:288: error: lastPitch has private access in ClientPlayerEntity
        previousPlayerLastPitch = MC.player.lastPitch;
                                           ^
/home/runner/work/Vivecraft_114/Vivecraft_114/theater/src/client/java/dev/justfeli/vtm/client/render/TheaterRenderer.java:302: error: lastPitch has private access in ClientPlayerEntity
        float renderLastPitch = MC.player.lastPitch;
                                         ^
/home/runner/work/Vivecraft_114/Vivecraft_114/theater/src/client/java/dev/justfeli/vtm/client/render/TheaterRenderer.java:308: error: lastYaw has private access in ClientPlayerEntity
        MC.player.lastYaw = renderLastYaw;
                 ^
/home/runner/work/Vivecraft_114/Vivecraft_114/theater/src/client/java/dev/justfeli/vtm/client/render/TheaterRenderer.java:309: error: lastPitch has private access in ClientPlayerEntity
        MC.player.lastPitch = renderLastPitch;
                 ^
/home/runner/work/Vivecraft_114/Vivecraft_114/theater/src/client/java/dev/justfeli/vtm/client/render/TheaterRenderer.java:329: error: lastYaw has private access in ClientPlayerEntity
        MC.player.lastYaw = previousPlayerLastYaw;
                 ^
/home/runner/work/Vivecraft_114/Vivecraft_114/theater/src/client/java/dev/justfeli/vtm/client/render/TheaterRenderer.java:330: error: lastPitch has private access in ClientPlayerEntity
        MC.player.lastPitch = previousPlayerLastPitch;
                 ^
/home/runner/work/Vivecraft_114/Vivecraft_114/theater/src/client/java/dev/justfeli/vtm/client/render/TheaterRenderer.java:343: error: incompatible types: String cannot be converted to int
            theaterFramebuffer = new SimpleFramebuffer("Theater", THEATER_WIDTH, THEATER_HEIGHT, true);
                                                       ^
/home/runner/work/Vivecraft_114/Vivecraft_114/theater/src/client/java/dev/justfeli/vtm/client/render/TheaterRenderer.java:375: error: cannot find symbol
        if (previousPass == RenderPass.GUI) {
                            ^
  symbol:   variable RenderPass
  location: class TheaterRenderer
/home/runner/work/Vivecraft_114/Vivecraft_114/theater/src/client/java/dev/justfeli/vtm/client/render/TheaterRenderer.java:380: error: cannot find symbol
        if (previousPass == RenderPass.MIRROR) {
                            ^
  symbol:   variable RenderPass
  location: class TheaterRenderer
/home/runner/work/Vivecraft_114/Vivecraft_114/theater/src/client/java/dev/justfeli/vtm/client/render/TheaterRenderer.java:394: error: cannot find symbol
            return RenderPass.LEFT;
                   ^
  symbol:   variable RenderPass
  location: class TheaterRenderer
/home/runner/work/Vivecraft_114/Vivecraft_114/theater/src/client/java/dev/justfeli/vtm/client/render/TheaterRenderer.java:397: error: cannot find symbol
            return RenderPass.CENTER;
                   ^
  symbol:   variable RenderPass
  location: class TheaterRenderer
/home/runner/work/Vivecraft_114/Vivecraft_114/theater/src/client/java/dev/justfeli/vtm/client/render/TheaterRenderer.java:400: error: cannot find symbol
            return RenderPass.THIRD;
                   ^
  symbol:   variable RenderPass
  location: class TheaterRenderer
/home/runner/work/Vivecraft_114/Vivecraft_114/theater/src/client/java/dev/justfeli/vtm/client/render/TheaterRenderer.java:403: error: cannot find symbol
            return RenderPass.SCOPEL;
                   ^
  symbol:   variable RenderPass
  location: class TheaterRenderer
/home/runner/work/Vivecraft_114/Vivecraft_114/theater/src/client/java/dev/justfeli/vtm/client/render/TheaterRenderer.java:406: error: cannot find symbol
            return RenderPass.SCOPER;
                   ^
  symbol:   variable RenderPass
  location: class TheaterRenderer
/home/runner/work/Vivecraft_114/Vivecraft_114/theater/src/client/java/dev/justfeli/vtm/client/render/TheaterRenderer.java:409: error: cannot find symbol
            return RenderPass.CAMERA;
                   ^
  symbol:   variable RenderPass
  location: class TheaterRenderer
/home/runner/work/Vivecraft_114/Vivecraft_114/theater/src/client/java/dev/justfeli/vtm/client/render/TheaterRenderer.java:412: error: cannot find symbol
        return RenderPass.VANILLA;
               ^
  symbol:   variable RenderPass
  location: class TheaterRenderer
/home/runner/work/Vivecraft_114/Vivecraft_114/theater/src/client/java/dev/justfeli/vtm/client/environment/TheaterEnvironmentManager.java:349: error: cannot find symbol
            RenderSystem.getDevice().createCommandEncoder().clearColorAndDepthTextures(
                        ^
  symbol:   method getDevice()
  location: class RenderSystem
/home/runner/work/Vivecraft_114/Vivecraft_114/theater/src/client/java/dev/justfeli/vtm/client/environment/TheaterEnvironmentManager.java:375: error: cannot find symbol
                    VREffectsHelper.renderMenuEnvironment();
                                   ^
  symbol:   method renderMenuEnvironment()
  location: class VREffectsHelper
/home/runner/work/Vivecraft_114/Vivecraft_114/theater/src/client/java/dev/justfeli/vtm/mixin/client/VREffectsHelperMixin.java:51: error: cannot find symbol
            VREffectsHelper.renderMenuEnvironment();
                           ^
  symbol:   method renderMenuEnvironment()
  location: class VREffectsHelper
/home/runner/work/Vivecraft_114/Vivecraft_114/theater/src/client/java/dev/justfeli/vtm/mixin/client/VREffectsHelperMixin.java:63: error: cannot find symbol
                ShaderHelper.blit(guiFramebuffer, TheaterRenderer.getTheaterFramebuffer(), true);
                            ^
  symbol:   method blit(Framebuffer,Framebuffer,boolean)
  location: class ShaderHelper
/home/runner/work/Vivecraft_114/Vivecraft_114/theater/src/client/java/dev/justfeli/vtm/mixin/client/VREffectsHelperMixin.java:85: error: cannot find symbol
            return VRRenderTypes.entitySolidNoCardinalLight(texture);
                   ^
  symbol:   variable VRRenderTypes
  location: class VREffectsHelperMixin
/home/runner/work/Vivecraft_114/Vivecraft_114/theater/src/client/java/dev/justfeli/vtm/mixin/client/VREffectsHelperMixin.java:87: error: cannot find symbol
        return VRRenderTypes.entityTranslucentNoCardinalLight(texture, depthAlways);
               ^
  symbol:   variable VRRenderTypes
  location: class VREffectsHelperMixin
/home/runner/work/Vivecraft_114/Vivecraft_114/theater/src/client/java/dev/justfeli/vtm/mixin/client/PlayerRendererTheaterMixin.java:24: error: cannot find symbol
            ((EntityRenderStateExtension) state).vivecraft$setRotInfo(null);
              ^
  symbol:   class EntityRenderStateExtension
  location: class PlayerRendererTheaterMixin
/home/runner/work/Vivecraft_114/Vivecraft_114/theater/src/client/java/dev/justfeli/vtm/mixin/client/MinecraftClientRenderMixin.java:24: error: cannot find symbol
            RenderSystem.getDevice().createCommandEncoder().clearColorAndDepthTextures(
                        ^
  symbol:   method getDevice()
  location: class RenderSystem
Note: Some messages have been simplified; recompile with -Xdiags:verbose to get full output
48 errors
	at org.gradle.api.internal.tasks.compile.JdkJavaCompiler.execute(JdkJavaCompiler.java:89)
	at org.gradle.api.internal.tasks.compile.JdkJavaCompiler.execute(JdkJavaCompiler.java:50)
	at org.gradle.api.internal.tasks.compile.NormalizingJavaCompiler.delegateAndHandleErrors(NormalizingJavaCompiler.java:98)
	at org.gradle.api.internal.tasks.compile.NormalizingJavaCompiler.execute(NormalizingJavaCompiler.java:52)
	at org.gradle.api.internal.tasks.compile.NormalizingJavaCompiler.execute(NormalizingJavaCompiler.java:38)
	at org.gradle.api.internal.tasks.compile.AnnotationProcessorDiscoveringCompiler.execute(AnnotationProcessorDiscoveringCompiler.java:52)
	at org.gradle.api.internal.tasks.compile.AnnotationProcessorDiscoveringCompiler.execute(AnnotationProcessorDiscoveringCompiler.java:38)
	at org.gradle.api.internal.tasks.compile.ModuleApplicationNameWritingCompiler.execute(ModuleApplicationNameWritingCompiler.java:46)
	at org.gradle.api.internal.tasks.compile.ModuleApplicationNameWritingCompiler.execute(ModuleApplicationNameWritingCompiler.java:36)
	at org.gradle.jvm.toolchain.internal.DefaultToolchainJavaCompiler.execute(DefaultToolchainJavaCompiler.java:57)
	at org.gradle.api.tasks.compile.JavaCompile.lambda$createToolchainCompiler$3(JavaCompile.java:206)
	at org.gradle.api.internal.tasks.compile.CleaningJavaCompiler.execute(CleaningJavaCompiler.java:53)
	at org.gradle.api.internal.tasks.compile.incremental.IncrementalCompilerFactory.lambda$createRebuildAllCompiler$0(IncrementalCompilerFactory.java:55)
	at org.gradle.api.internal.tasks.compile.incremental.SelectiveCompiler.execute(SelectiveCompiler.java:70)
	at org.gradle.api.internal.tasks.compile.incremental.SelectiveCompiler.execute(SelectiveCompiler.java:44)
	at org.gradle.api.internal.tasks.compile.incremental.IncrementalResultStoringCompiler.execute(IncrementalResultStoringCompiler.java:66)
	at org.gradle.api.internal.tasks.compile.incremental.IncrementalResultStoringCompiler.execute(IncrementalResultStoringCompiler.java:52)
	at org.gradle.api.internal.tasks.compile.CompileJavaBuildOperationReportingCompiler$1.call(CompileJavaBuildOperationReportingCompiler.java:64)
	at org.gradle.api.internal.tasks.compile.CompileJavaBuildOperationReportingCompiler$1.call(CompileJavaBuildOperationReportingCompiler.java:48)
	at org.gradle.internal.operations.DefaultBuildOperationRunner$CallableBuildOperationWorker.execute(DefaultBuildOperationRunner.java:210)
	at org.gradle.internal.operations.DefaultBuildOperationRunner$CallableBuildOperationWorker.execute(DefaultBuildOperationRunner.java:205)
	at org.gradle.internal.operations.DefaultBuildOperationRunner$2.execute(DefaultBuildOperationRunner.java:67)
	at org.gradle.internal.operations.DefaultBuildOperationRunner$2.execute(DefaultBuildOperationRunner.java:60)
	at org.gradle.internal.operations.DefaultBuildOperationRunner.execute(DefaultBuildOperationRunner.java:167)
	at org.gradle.internal.operations.DefaultBuildOperationRunner.execute(DefaultBuildOperationRunner.java:60)
	at org.gradle.internal.operations.DefaultBuildOperationRunner.call(DefaultBuildOperationRunner.java:54)
	at org.gradle.api.internal.tasks.compile.CompileJavaBuildOperationReportingCompiler.execute(CompileJavaBuildOperationReportingCompiler.java:48)
	at org.gradle.api.tasks.compile.JavaCompile.performCompilation(JavaCompile.java:224)
	at org.gradle.api.tasks.compile.JavaCompile.performIncrementalCompilation(JavaCompile.java:165)
	at org.gradle.api.tasks.compile.JavaCompile.compile(JavaCompile.java:150)
	at org.gradle.internal.reflect.JavaMethod.invoke(JavaMethod.java:125)
	at org.gradle.api.internal.project.taskfactory.IncrementalTaskAction.doExecute(IncrementalTaskAction.java:45)
	at org.gradle.api.internal.project.taskfactory.StandardTaskAction.execute(StandardTaskAction.java:51)
	at org.gradle.api.internal.project.taskfactory.IncrementalTaskAction.execute(IncrementalTaskAction.java:26)
	at org.gradle.api.internal.project.taskfactory.StandardTaskAction.execute(StandardTaskAction.java:29)
	at org.gradle.api.internal.tasks.execution.TaskExecution$3.run(TaskExecution.java:259)
	at org.gradle.internal.operations.DefaultBuildOperationRunner$1.execute(DefaultBuildOperationRunner.java:30)
	at org.gradle.internal.operations.DefaultBuildOperationRunner$1.execute(DefaultBuildOperationRunner.java:27)
	at org.gradle.internal.operations.DefaultBuildOperationRunner$2.execute(DefaultBuildOperationRunner.java:67)
	at org.gradle.internal.operations.DefaultBuildOperationRunner$2.execute(DefaultBuildOperationRunner.java:60)
	at org.gradle.internal.operations.DefaultBuildOperationRunner.execute(DefaultBuildOperationRunner.java:167)
	at org.gradle.internal.operations.DefaultBuildOperationRunner.execute(DefaultBuildOperationRunner.java:60)
	at org.gradle.internal.operations.DefaultBuildOperationRunner.run(DefaultBuildOperationRunner.java:48)
	at org.gradle.api.internal.tasks.execution.TaskExecution.executeAction(TaskExecution.java:244)
	at org.gradle.api.internal.tasks.execution.TaskExecution.executeActions(TaskExecution.java:227)
	at org.gradle.api.internal.tasks.execution.TaskExecution.executeWithPreviousOutputFiles(TaskExecution.java:210)
	at org.gradle.api.internal.tasks.execution.TaskExecution.execute(TaskExecution.java:176)
	at org.gradle.internal.execution.steps.ExecuteStep.executeInternal(ExecuteStep.java:167)
	at org.gradle.internal.execution.steps.ExecuteStep.access$000(ExecuteStep.java:47)
	at org.gradle.internal.execution.steps.ExecuteStep$1.call(ExecuteStep.java:137)
	at org.gradle.internal.execution.steps.ExecuteStep$1.call(ExecuteStep.java:134)
	at org.gradle.internal.operations.DefaultBuildOperationRunner$CallableBuildOperationWorker.execute(DefaultBuildOperationRunner.java:210)
	at org.gradle.internal.operations.DefaultBuildOperationRunner$CallableBuildOperationWorker.execute(DefaultBuildOperationRunner.java:205)
	at org.gradle.internal.operations.DefaultBuildOperationRunner$2.execute(DefaultBuildOperationRunner.java:67)
	at org.gradle.internal.operations.DefaultBuildOperationRunner$2.execute(DefaultBuildOperationRunner.java:60)
	at org.gradle.internal.operations.DefaultBuildOperationRunner.execute(DefaultBuildOperationRunner.java:167)
	at org.gradle.internal.operations.DefaultBuildOperationRunner.execute(DefaultBuildOperationRunner.java:60)
	at org.gradle.internal.operations.DefaultBuildOperationRunner.call(DefaultBuildOperationRunner.java:54)
	at org.gradle.internal.execution.steps.ExecuteStep.execute(ExecuteStep.java:134)
	at org.gradle.internal.execution.steps.ExecuteStep$Mutable.execute(ExecuteStep.java:80)
	at org.gradle.internal.execution.steps.CancelExecutionStep.execute(CancelExecutionStep.java:42)
	at org.gradle.internal.execution.steps.TimeoutStep.executeWithoutTimeout(TimeoutStep.java:75)
	at org.gradle.internal.execution.steps.TimeoutStep.execute(TimeoutStep.java:55)
	at org.gradle.internal.execution.steps.PreCreateOutputParentsStep.execute(PreCreateOutputParentsStep.java:51)
	at org.gradle.internal.execution.steps.PreCreateOutputParentsStep.execute(PreCreateOutputParentsStep.java:29)
	at org.gradle.internal.execution.steps.RemovePreviousOutputsStep.executeMutable(RemovePreviousOutputsStep.java:67)
	at org.gradle.internal.execution.steps.RemovePreviousOutputsStep.executeMutable(RemovePreviousOutputsStep.java:39)
	at org.gradle.internal.execution.steps.MutableStep.execute(MutableStep.java:26)
	at org.gradle.internal.execution.steps.BroadcastChangingOutputsStep.execute(BroadcastChangingOutputsStep.java:42)
	at org.gradle.internal.execution.steps.BroadcastChangingOutputsStep.execute(BroadcastChangingOutputsStep.java:24)
	at org.gradle.internal.execution.steps.CaptureOutputsAfterExecutionStep.execute(CaptureOutputsAfterExecutionStep.java:69)
	at org.gradle.internal.execution.steps.CaptureOutputsAfterExecutionStep.execute(CaptureOutputsAfterExecutionStep.java:46)
	at org.gradle.internal.execution.steps.ResolveInputChangesStep.executeMutable(ResolveInputChangesStep.java:39)
	at org.gradle.internal.execution.steps.ResolveInputChangesStep.executeMutable(ResolveInputChangesStep.java:28)
	at org.gradle.internal.execution.steps.MutableStep.execute(MutableStep.java:26)
	at org.gradle.internal.execution.steps.BuildCacheStep.executeWithoutCache(BuildCacheStep.java:189)
	at org.gradle.internal.execution.steps.BuildCacheStep.lambda$execute$1(BuildCacheStep.java:76)
	at org.gradle.internal.Either$Right.fold(Either.java:176)
	at org.gradle.internal.execution.caching.CachingState.fold(CachingState.java:62)
	at org.gradle.internal.execution.steps.BuildCacheStep.execute(BuildCacheStep.java:74)
	at org.gradle.internal.execution.steps.BuildCacheStep.execute(BuildCacheStep.java:49)
	at org.gradle.internal.execution.steps.StoreExecutionStateStep.executeMutable(StoreExecutionStateStep.java:46)
	at org.gradle.internal.execution.steps.StoreExecutionStateStep.executeMutable(StoreExecutionStateStep.java:35)
	at org.gradle.internal.execution.steps.MutableStep.execute(MutableStep.java:26)
	at org.gradle.internal.execution.steps.SkipUpToDateStep.executeBecause(SkipUpToDateStep.java:75)
	at org.gradle.internal.execution.steps.SkipUpToDateStep.lambda$execute$2(SkipUpToDateStep.java:53)
	at org.gradle.internal.execution.steps.SkipUpToDateStep.execute(SkipUpToDateStep.java:53)
	at org.gradle.internal.execution.steps.SkipUpToDateStep.execute(SkipUpToDateStep.java:35)
	at org.gradle.internal.execution.steps.legacy.MarkSnapshottingInputsFinishedStep.execute(MarkSnapshottingInputsFinishedStep.java:37)
	at org.gradle.internal.execution.steps.legacy.MarkSnapshottingInputsFinishedStep.execute(MarkSnapshottingInputsFinishedStep.java:27)
	at org.gradle.internal.execution.steps.ResolveMutableCachingStateStep.executeDelegate(ResolveMutableCachingStateStep.java:70)
	at org.gradle.internal.execution.steps.ResolveMutableCachingStateStep.executeDelegate(ResolveMutableCachingStateStep.java:32)
	at org.gradle.internal.execution.steps.AbstractResolveCachingStateStep.execute(AbstractResolveCachingStateStep.java:69)
	at org.gradle.internal.execution.steps.AbstractResolveCachingStateStep.execute(AbstractResolveCachingStateStep.java:37)
	at org.gradle.internal.execution.steps.ResolveChangesStep.executeMutable(ResolveChangesStep.java:63)
	at org.gradle.internal.execution.steps.ResolveChangesStep.executeMutable(ResolveChangesStep.java:34)
	at org.gradle.internal.execution.steps.MutableStep.execute(MutableStep.java:26)
	at org.gradle.internal.execution.steps.ValidateStep$Mutable.executeDelegate(ValidateStep.java:79)
	at org.gradle.internal.execution.steps.ValidateStep$Mutable.executeDelegate(ValidateStep.java:65)
	at org.gradle.internal.execution.steps.ValidateStep.execute(ValidateStep.java:99)
	at org.gradle.internal.execution.steps.ValidateStep$Mutable.execute(ValidateStep.java:65)
	at org.gradle.internal.execution.steps.CaptureMutableStateBeforeExecutionStep.executeMutable(CaptureMutableStateBeforeExecutionStep.java:86)
	at org.gradle.internal.execution.steps.CaptureMutableStateBeforeExecutionStep.execute(CaptureMutableStateBeforeExecutionStep.java:65)
	at org.gradle.internal.execution.steps.CaptureMutableStateBeforeExecutionStep.execute(CaptureMutableStateBeforeExecutionStep.java:45)
	at org.gradle.internal.execution.steps.SkipEmptyMutableWorkStep.executeWithNonEmptySources(SkipEmptyMutableWorkStep.java:210)
	at org.gradle.internal.execution.steps.SkipEmptyMutableWorkStep.executeMutable(SkipEmptyMutableWorkStep.java:90)
	at org.gradle.internal.execution.steps.SkipEmptyMutableWorkStep.executeMutable(SkipEmptyMutableWorkStep.java:53)
	at org.gradle.internal.execution.steps.MutableStep.execute(MutableStep.java:26)
	at org.gradle.internal.execution.steps.legacy.MarkSnapshottingInputsStartedStep.execute(MarkSnapshottingInputsStartedStep.java:38)
	at org.gradle.internal.execution.steps.LoadPreviousExecutionStateStep.executeMutable(LoadPreviousExecutionStateStep.java:36)
	at org.gradle.internal.execution.steps.LoadPreviousExecutionStateStep.executeMutable(LoadPreviousExecutionStateStep.java:23)
	at org.gradle.internal.execution.steps.MutableStep.execute(MutableStep.java:26)
	at org.gradle.internal.execution.steps.HandleStaleOutputsStep.executeMutable(HandleStaleOutputsStep.java:77)
	at org.gradle.internal.execution.steps.HandleStaleOutputsStep.executeMutable(HandleStaleOutputsStep.java:43)
	at org.gradle.internal.execution.steps.MutableStep.execute(MutableStep.java:26)
	at org.gradle.internal.execution.steps.AssignMutableWorkspaceStep.lambda$executeMutable$0(AssignMutableWorkspaceStep.java:34)
	at org.gradle.api.internal.tasks.execution.TaskExecution$4.withWorkspace(TaskExecution.java:305)
	at org.gradle.internal.execution.steps.AssignMutableWorkspaceStep.executeMutable(AssignMutableWorkspaceStep.java:30)
	at org.gradle.internal.execution.steps.AssignMutableWorkspaceStep.executeMutable(AssignMutableWorkspaceStep.java:21)
	at org.gradle.internal.execution.steps.MutableStep.execute(MutableStep.java:26)
	at org.gradle.internal.execution.steps.ChoosePipelineStep.execute(ChoosePipelineStep.java:40)
	at org.gradle.internal.execution.steps.ChoosePipelineStep.execute(ChoosePipelineStep.java:23)
	at org.gradle.internal.execution.steps.ExecuteWorkBuildOperationFiringStep.lambda$execute$2(ExecuteWorkBuildOperationFiringStep.java:67)
	at org.gradle.internal.execution.steps.ExecuteWorkBuildOperationFiringStep.execute(ExecuteWorkBuildOperationFiringStep.java:67)
	at org.gradle.internal.execution.steps.ExecuteWorkBuildOperationFiringStep.execute(ExecuteWorkBuildOperationFiringStep.java:39)
	at org.gradle.internal.execution.steps.IdentityCacheStep.execute(IdentityCacheStep.java:46)
	at org.gradle.internal.execution.steps.IdentityCacheStep.execute(IdentityCacheStep.java:34)
	at org.gradle.internal.execution.steps.IdentifyStep.execute(IdentifyStep.java:56)
	at org.gradle.internal.execution.steps.IdentifyStep.execute(IdentifyStep.java:38)
	at org.gradle.internal.execution.impl.DefaultExecutionEngine$1.execute(DefaultExecutionEngine.java:68)
	at org.gradle.api.internal.tasks.execution.ExecuteActionsTaskExecuter.executeIfValid(ExecuteActionsTaskExecuter.java:132)
	... 30 more


Deprecated Gradle features were used in this build, making it incompatible with Gradle 10.

You can use '--warning-mode all' to show the individual deprecation warnings and determine if they come from your own scripts or plugins.

For more on this, please refer to https://docs.gradle.org/9.4.0/userguide/command_line_interface.html#sec:command_line_warnings in the Gradle documentation.

BUILD FAILED in 1m 5s
4 actionable tasks: 4 executed
